src/components/canvas/InteractiveHero.tsx(2,34): error TS2307: Cannot find module '@react-three/fiber' or its corresponding type declarations.
src/components/canvas/InteractiveHero.tsx(3,79): error TS2307: Cannot find module '@react-three/drei' or its corresponding type declarations.
